// Jest Snapshot v1, https://goo.gl/fbAQLP

exports[`Address renders correctly 1`] = `
<View
  style={
    Object {
      "marginRight": 50,
    }
  }
>
  <Text />
  <Text />
  <Text />
</View>
`;
