// Jest Snapshot v1, https://goo.gl/fbAQLP

exports[`Address renders correctly 1`] = `
<View>
  <Text />
  <Text />
  <Text />
</View>
`;
